// Jest Snapshot v1, https://goo.gl/fbAQLP

exports[`<GenerateButton /> 1`] = `
ShallowWrapper {
  Symbol(enzyme.__root__): [Circular],
  Symbol(enzyme.__unrendered__): <GeneratePhoneNumberButton
    generatingValue="123"
    onAddPhoneNumber={[MockFunction]}
  />,
  Symbol(enzyme.__renderer__): Object {
    "batchedUpdates": [Function],
    "checkPropTypes": [Function],
    "getNode": [Function],
    "render": [Function],
    "simulateError": [Function],
    "simulateEvent": [Function],
    "unmount": [Function],
  },
  Symbol(enzyme.__node__): Object {
    "instance": null,
    "key": undefined,
    "nodeType": "host",
    "props": Object {
      "children": "Generate Phone Number",
      "className": "button-style",
      "disabled": false,
      "onClick": [MockFunction],
      "style": Object {
        "backgroundColor": "midnightblue",
        "cursor": "pointer",
      },
    },
    "ref": null,
    "rendered": "Generate Phone Number",
    "type": "button",
  },
  Symbol(enzyme.__nodes__): Array [
    Object {
      "instance": null,
      "key": undefined,
      "nodeType": "host",
      "props": Object {
        "children": "Generate Phone Number",
        "className": "button-style",
        "disabled": false,
        "onClick": [MockFunction],
        "style": Object {
          "backgroundColor": "midnightblue",
          "cursor": "pointer",
        },
      },
      "ref": null,
      "rendered": "Generate Phone Number",
      "type": "button",
    },
  ],
  Symbol(enzyme.__options__): Object {
    "adapter": ReactSixteenAdapter {
      "options": Object {
        "enableComponentDidUpdateOnSetState": true,
        "legacyContextMode": "parent",
        "lifecycles": Object {
          "componentDidUpdate": Object {
            "onSetState": true,
          },
          "getChildContext": Object {
            "calledByRenderer": false,
          },
          "getDerivedStateFromProps": true,
          "getSnapshotBeforeUpdate": true,
          "setState": Object {
            "skipsComponentDidUpdateOnNullish": true,
          },
        },
      },
    },
  },
}
`;
