// Jest Snapshot v1, https://goo.gl/fbAQLP

exports[`should  1`] = `
ShallowWrapper {
  Symbol(enzyme.__root__): [Circular],
  Symbol(enzyme.__unrendered__): <DownloadButton
    numbers={Array []}
    onDownloadPhoneNumbers={[MockFunction]}
  />,
  Symbol(enzyme.__renderer__): Object {
    "batchedUpdates": [Function],
    "checkPropTypes": [Function],
    "getNode": [Function],
    "render": [Function],
    "simulateError": [Function],
    "simulateEvent": [Function],
    "unmount": [Function],
  },
  Symbol(enzyme.__node__): Object {
    "instance": null,
    "key": undefined,
    "nodeType": "host",
    "props": Object {
      "children": "Download Numbers",
      "className": "download-button",
      "disabled": true,
      "onClick": [MockFunction],
      "style": Object {
        "backgroundColor": "grey",
        "cursor": "not-allowed",
      },
    },
    "ref": null,
    "rendered": "Download Numbers",
    "type": "button",
  },
  Symbol(enzyme.__nodes__): Array [
    Object {
      "instance": null,
      "key": undefined,
      "nodeType": "host",
      "props": Object {
        "children": "Download Numbers",
        "className": "download-button",
        "disabled": true,
        "onClick": [MockFunction],
        "style": Object {
          "backgroundColor": "grey",
          "cursor": "not-allowed",
        },
      },
      "ref": null,
      "rendered": "Download Numbers",
      "type": "button",
    },
  ],
  Symbol(enzyme.__options__): Object {
    "adapter": ReactSixteenAdapter {
      "options": Object {
        "enableComponentDidUpdateOnSetState": true,
        "legacyContextMode": "parent",
        "lifecycles": Object {
          "componentDidUpdate": Object {
            "onSetState": true,
          },
          "getChildContext": Object {
            "calledByRenderer": false,
          },
          "getDerivedStateFromProps": true,
          "getSnapshotBeforeUpdate": true,
          "setState": Object {
            "skipsComponentDidUpdateOnNullish": true,
          },
        },
      },
    },
  },
}
`;
